<?php

class ConstructorRewrites {
function __construct() {}
function MyOtherFunction() {}
}
